2025-11-30 18:22:13 INFO:     Started server process [83113]
2025-11-30 18:22:13 INFO: Started server process [83113]
2025-11-30 18:22:13 INFO:     Waiting for application startup.
2025-11-30 18:22:13 INFO: Waiting for application startup.
2025-11-30 18:22:13 INFO:     Application startup complete.
2025-11-30 18:22:13 INFO: Application startup complete.
2025-11-30 18:22:13 INFO:     Uvicorn running on http://0.0.0.0:8000 (Press CTRL+C to quit)
2025-11-30 18:22:13 INFO: Uvicorn running on http://0.0.0.0:8000 (Press CTRL+C to quit)
2025-11-30 18:22:15 INFO:     127.0.0.1:49370 - "GET / HTTP/1.1" 200 OK
2025-11-30 18:23:17 INFO:     127.0.0.1:49450 - "WebSocket /ws/live-video/860924031381890" [accepted]
2025-11-30 18:23:17 INFO: 127.0.0.1:49450 - "WebSocket /ws/live-video/860924031381890" [accepted]
2025-11-30 18:23:17 INFO: [2025-11-30 18:23:17] 实时视频WebSocket连接已建立，设备ID: 860924031381890
2025-11-30 18:23:17 INFO: [2025-11-30 18:23:17] 为设备 860924031381890 创建工作空间: workspace/860924031381890_1764498197
2025-11-30 18:23:17 INFO: [2025-11-30 18:23:17] 成功导入dashscope库
2025-11-30 18:23:17 INFO: [2025-11-30 18:23:17] AudioTranscriber初始化完成，采样率: 16000Hz
2025-11-30 18:23:17 INFO: [2025-11-30 18:23:17] 开始录制视频到: workspace/860924031381890_1764498197/video_1764498197.mp4
2025-11-30 18:23:17 INFO:     connection open
2025-11-30 18:23:17 INFO: connection open
2025-11-30 18:24:18 INFO: [2025-11-30 18:24:18] 接收视频块，临时文件: workspace/860924031381890_1764498197/tmp/video_chunk_1764498258857607_000000.webm
2025-11-30 18:24:18 INFO: [2025-11-30 18:24:18] 视频块大小: 8036838 字节
2025-11-30 18:24:18 INFO: [2025-11-30 18:24:18] 视频块已添加到缓冲区，等待合并处理
2025-11-30 18:24:18 INFO: [2025-11-30 18:24:18] 开始合并视频块到: workspace/860924031381890_1764498197/detection_video_chunk_0001.mp4
2025-11-30 18:24:18 INFO: [2025-11-30 18:24:18] 合并命令: ffmpeg -f concat -safe 0 -i workspace/860924031381890_1764498197/video_list_1.txt -c:v libx264 -c:a aac -strict experimental workspace/860924031381890_1764498197/detection_video_chunk_0001.mp4 -y
2025-11-30 18:24:28 INFO: [2025-11-30 18:24:28] 视频块合并完成: workspace/860924031381890_1764498197/detection_video_chunk_0001.mp4, 大小: 11011717 字节
2025-11-30 18:24:28 INFO: [2025-11-30 18:24:28] 开始处理存储的视频块: workspace/860924031381890_1764498197/detection_video_chunk_0001.mp4
2025-11-30 18:24:33 INFO: [2025-11-30 18:24:33] method: GET, expiration: 2025-11-30T10:39:33.000Z, url: https://test-workspace-wl.oss-cn-hangzhou.aliyuncs.com/audio/2025-11-30/860924031381890/extracted_audio_detection_video_chunk_0001.mp4.wav?x-oss-signature-version=OSS4-HMAC-SHA256&x-oss-date=20251130T102433Z&x-oss-expires=900&x-oss-credential=LTAI5tS12D3EPVxkNDUfaHMe%2F20251130%2Fcn-hangzhou%2Foss%2Faliyun_v4_request&x-oss-signature=2f6e32527d0bcbb82e6d30d99256afda6efaa6c84656c4cda67b4215c15d92af
2025-11-30 18:24:33 INFO: [2025-11-30 18:24:33] SpeechProcessor初始化完成，模型: paraformer-v2，采样率: 16000Hz
2025-11-30 18:24:33 INFO: [2025-11-30 18:24:33] 开始识别音频文件: https://test-workspace-wl.oss-cn-hangzhou.aliyuncs.com/audio/2025-11-30/860924031381890/extracted_audio_detection_video_chunk_0001.mp4.wav?x-oss-signature-version=OSS4-HMAC-SHA256&x-oss-date=20251130T102433Z&x-oss-expires=900&x-oss-credential=LTAI5tS12D3EPVxkNDUfaHMe%2F20251130%2Fcn-hangzhou%2Foss%2Faliyun_v4_request&x-oss-signature=2f6e32527d0bcbb82e6d30d99256afda6efaa6c84656c4cda67b4215c15d92af
2025-11-30 18:24:34 INFO: The task 83c8b727-fb41-41c0-9674-d47f4fbd9a5a is  RUNNING
2025-11-30 18:24:35 INFO: The task 83c8b727-fb41-41c0-9674-d47f4fbd9a5a is  RUNNING
2025-11-30 18:24:36 INFO: The task 83c8b727-fb41-41c0-9674-d47f4fbd9a5a is  RUNNING
2025-11-30 18:24:39 INFO: [2025-11-30 18:24:39] {
    "task_id": "83c8b727-fb41-41c0-9674-d47f4fbd9a5a",
    "task_status": "SUCCEEDED",
    "submit_time": "2025-11-30 18:24:34.014",
    "scheduled_time": "2025-11-30 18:24:34.044",
    "end_time": "2025-11-30 18:24:38.416",
    "results": [
        {
            "file_url": "https://test-workspace-wl.oss-cn-hangzhou.aliyuncs.com/audio/2025-11-30/860924031381890/extracted_audio_detection_video_chunk_0001.mp4.wav?x-oss-signature-version=OSS4-HMAC-SHA256&x-oss-date=20251130T102433Z&x-oss-expires=900&x-oss-credential=LTAI5tS12D3EPVxkNDUfaHMe%2F20251130%2Fcn-hangzhou%2Foss%2Faliyun_v4_request&x-oss-signature=2f6e32527d0bcbb82e6d30d99256afda6efaa6c84656c4cda67b4215c15d92af",
            "transcription_url": "https://dashscope-result-bj.oss-cn-beijing.aliyuncs.com/prod/paraformer-v2/20251130/18%3A24/3822908a-f5a0-45e3-8185-1e79cb76242a-1.json?Expires=1764584678&OSSAccessKeyId=LTAI5tQZd8AEcZX6KZV4G8qL&Signature=lF6Gtk0hYlaW8PKvvdPtaxyBT9U%3D",
            "subtask_status": "SUCCEEDED"
        }
    ],
    "task_metrics": {
        "TOTAL": 1,
        "SUCCEEDED": 1,
        "FAILED": 0
    }
}
2025-11-30 18:24:39 INFO: [2025-11-30 18:24:39] transcription done!
2025-11-30 18:24:42 INFO: [2025-11-30 18:24:42] 处理车号确认操作: 车号确认
2025-11-30 18:24:47 INFO: [2025-11-30 18:24:47] 处理防遛确认操作: 铁鞋设置
[2025-11-30 18:23:17] 实时视频WebSocket连接已建立，设备ID: 860924031381890
[2025-11-30 18:23:17] 为设备 860924031381890 创建工作空间: workspace/860924031381890_1764498197
[2025-11-30 18:23:17] 成功导入dashscope库
[2025-11-30 18:23:17] AudioTranscriber初始化完成，采样率: 16000Hz
Current working directory: /Users/wanglei/workStore/code/workSource/camera-surveillance/backend
Current working directory: /Users/wanglei/workStore/code/workSource/camera-surveillance/backend
[2025-11-30 18:23:17] 防遛确认模型加载成功，设备: mps
Current working directory: /Users/wanglei/workStore/code/workSource/camera-surveillance/backend
[2025-11-30 18:23:17] 撤遛确认模型加载成功，设备: mps
[2025-11-30 18:23:17] 开始视频录制，输出路径: workspace/860924031381890_1764498197/video_1764498197.mp4, 尺寸: 640x480, FPS: 30
[2025-11-30 18:23:17] 使用编码器 mp4v 创建视频写入器成功: workspace/860924031381890_1764498197/video_1764498197.mp4
[2025-11-30 18:23:17] 开始录制视频到: workspace/860924031381890_1764498197/video_1764498197.mp4
[2025-11-30 18:24:18] 接收视频块，临时文件: workspace/860924031381890_1764498197/tmp/video_chunk_1764498258857607_000000.webm
[2025-11-30 18:24:18] 视频块大小: 8036838 字节
[2025-11-30 18:24:18] 视频块已添加到缓冲区，等待合并处理
[2025-11-30 18:24:18] 开始合并视频块到: workspace/860924031381890_1764498197/detection_video_chunk_0001.mp4
[2025-11-30 18:24:18] 合并命令: ffmpeg -f concat -safe 0 -i workspace/860924031381890_1764498197/video_list_1.txt -c:v libx264 -c:a aac -strict experimental workspace/860924031381890_1764498197/detection_video_chunk_0001.mp4 -y
[2025-11-30 18:24:28] 视频块合并完成: workspace/860924031381890_1764498197/detection_video_chunk_0001.mp4, 大小: 11011717 字节
[2025-11-30 18:24:28] 开始处理存储的视频块: workspace/860924031381890_1764498197/detection_video_chunk_0001.mp4
[2025-11-30 18:24:28] 开始提取音频，输入视频: workspace/860924031381890_1764498197/detection_video_chunk_0001.mp4, 输出音频: workspace/860924031381890_1764498197/extracted_audio_detection_video_chunk_0001.mp4.wav
[2025-11-30 18:24:28] 执行ffmpeg命令: ffmpeg -i workspace/860924031381890_1764498197/detection_video_chunk_0001.mp4 -q:a 0 -map a workspace/860924031381890_1764498197/extracted_audio_detection_video_chunk_0001.mp4.wav -y
[2025-11-30 18:24:28] 音频提取成功，输出文件: workspace/860924031381890_1764498197/extracted_audio_detection_video_chunk_0001.mp4.wav
[2025-11-30 18:24:28] 输出音频文件大小: 5762542 字节
[2025-11-30 18:24:33] method: GET, expiration: 2025-11-30T10:39:33.000Z, url: https://test-workspace-wl.oss-cn-hangzhou.aliyuncs.com/audio/2025-11-30/860924031381890/extracted_audio_detection_video_chunk_0001.mp4.wav?x-oss-signature-version=OSS4-HMAC-SHA256&x-oss-date=20251130T102433Z&x-oss-expires=900&x-oss-credential=LTAI5tS12D3EPVxkNDUfaHMe%2F20251130%2Fcn-hangzhou%2Foss%2Faliyun_v4_request&x-oss-signature=2f6e32527d0bcbb82e6d30d99256afda6efaa6c84656c4cda67b4215c15d92af
[2025-11-30 18:24:33] SpeechProcessor初始化完成，模型: paraformer-v2，采样率: 16000Hz
[2025-11-30 18:24:33] 开始识别音频文件: https://test-workspace-wl.oss-cn-hangzhou.aliyuncs.com/audio/2025-11-30/860924031381890/extracted_audio_detection_video_chunk_0001.mp4.wav?x-oss-signature-version=OSS4-HMAC-SHA256&x-oss-date=20251130T102433Z&x-oss-expires=900&x-oss-credential=LTAI5tS12D3EPVxkNDUfaHMe%2F20251130%2Fcn-hangzhou%2Foss%2Faliyun_v4_request&x-oss-signature=2f6e32527d0bcbb82e6d30d99256afda6efaa6c84656c4cda67b4215c15d92af
[2025-11-30 18:24:39] {
    "task_id": "83c8b727-fb41-41c0-9674-d47f4fbd9a5a",
    "task_status": "SUCCEEDED",
    "submit_time": "2025-11-30 18:24:34.014",
    "scheduled_time": "2025-11-30 18:24:34.044",
    "end_time": "2025-11-30 18:24:38.416",
    "results": [
        {
            "file_url": "https://test-workspace-wl.oss-cn-hangzhou.aliyuncs.com/audio/2025-11-30/860924031381890/extracted_audio_detection_video_chunk_0001.mp4.wav?x-oss-signature-version=OSS4-HMAC-SHA256&x-oss-date=20251130T102433Z&x-oss-expires=900&x-oss-credential=LTAI5tS12D3EPVxkNDUfaHMe%2F20251130%2Fcn-hangzhou%2Foss%2Faliyun_v4_request&x-oss-signature=2f6e32527d0bcbb82e6d30d99256afda6efaa6c84656c4cda67b4215c15d92af",
            "transcription_url": "https://dashscope-result-bj.oss-cn-beijing.aliyuncs.com/prod/paraformer-v2/20251130/18%3A24/3822908a-f5a0-45e3-8185-1e79cb76242a-1.json?Expires=1764584678&OSSAccessKeyId=LTAI5tQZd8AEcZX6KZV4G8qL&Signature=lF6Gtk0hYlaW8PKvvdPtaxyBT9U%3D",
            "subtask_status": "SUCCEEDED"
        }
    ],
    "task_metrics": {
        "TOTAL": 1,
        "SUCCEEDED": 1,
        "FAILED": 0
    }
}
[2025-11-30 18:24:39] transcription done!
[2025-11-30 18:24:42] 处理车号确认操作: 车号确认
[2025-11-30 18:24:45] vehicle response: {"status_code": 200, "request_id": "2c20a10b-d7df-451b-b636-155d3a94f38a", "code": "", "message": "", "output": {"text": null, "finish_reason": null, "choices": [{"finish_reason": "stop", "message": {"role": "assistant", "content": [{"text": "000000 860924031381890"}]}}], "audio": null}, "usage": {"input_tokens": 2079, "output_tokens": 23, "characters": 0, "image_tokens": 2042, "input_tokens_details": {"image_tokens": 2042, "text_tokens": 37}, "output_tokens_details": {"text_tokens": 23}, "total_tokens": 2102}}
[2025-11-30 18:24:47] 处理防遛确认操作: 铁鞋设置
[2025-11-30 18:24:47] 调用防遛确认模型处理图像: workspace/860924031381890_1764498197/frame_92.00.jpg
[2025-11-30 18:24:47] 调用防遛确认模型处理图像: workspace/860924031381890_1764498197/frame_93.00.jpg
[2025-11-30 18:24:47] 调用防遛确认模型处理图像: workspace/860924031381890_1764498197/frame_94.00.jpg
[2025-11-30 18:24:47] 调用防遛确认模型处理图像: workspace/860924031381890_1764498197/frame_95.00.jpg
[2025-11-30 18:24:47] 调用防遛确认模型处理图像: workspace/860924031381890_1764498197/frame_96.00.jpg
[2025-11-30 18:24:47] 处理图像时出错: 'Conv' object has no attribute 'bn'
[2025-11-30 18:24:47] 处理图像 workspace/860924031381890_1764498197/frame_92.00.jpg 耗时: 0.02秒
[2025-11-30 18:24:47] 处理图像时出错: 'Conv' object has no attribute 'bn'
[2025-11-30 18:24:47] 处理图像 workspace/860924031381890_1764498197/frame_95.00.jpg 耗时: 0.02秒
[2025-11-30 18:24:47] 调用防遛确认模型处理图像: workspace/860924031381890_1764498197/frame_97.00.jpg

[2025-11-30 18:24:47] 调用防遛确认模型处理图像: workspace/860924031381890_1764498197/frame_98.00.jpg

Ultralytics 8.3.203 🚀 Python-3.11.9 torch-2.2.2 MPS (Intel Core i7-9750H 2.60GHz)
[2025-11-30 18:24:47] 处理图像时出错: 'Conv' object has no attribute 'bn'
[2025-11-30 18:24:47] 处理图像 workspace/860924031381890_1764498197/frame_96.00.jpg 耗时: 0.02秒
Ultralytics 8.3.203 🚀 Python-3.11.9 torch-2.2.2 MPS (Intel Core i7-9750H 2.60GHz)
[2025-11-30 18:24:47] 处理图像时出错: 'Conv' object has no attribute 'bn'
[2025-11-30 18:24:47] 处理图像 workspace/860924031381890_1764498197/frame_93.00.jpg 耗时: 0.02秒
YOLO11n summary (fused): 100 layers, 2,583,322 parameters, 0 gradients, 6.3 GFLOPs
YOLO11n summary (fused): 100 layers, 2,583,322 parameters, 0 gradients, 6.3 GFLOPs

image 1/1 /Users/wanglei/workStore/code/workSource/camera-surveillance/backend/workspace/860924031381890_1764498197/frame_97.00.jpg: 384x640 (no detections), 787.7ms
Speed: 20.3ms preprocess, 787.7ms inference, 78.7ms postprocess per image at shape (1, 3, 384, 640)
[2025-11-30 18:24:51] 未检测到物体
[2025-11-30 18:24:51] 处理图像 workspace/860924031381890_1764498197/frame_97.00.jpg 耗时: 3.82秒
image 1/1 /Users/wanglei/workStore/code/workSource/camera-surveillance/backend/workspace/860924031381890_1764498197/frame_98.00.jpg: 384x640 (no detections), 39.5ms
Speed: 4.8ms preprocess, 39.5ms inference, 3.2ms postprocess per image at shape (1, 3, 384, 640)
[2025-11-30 18:24:51] 未检测到物体
[2025-11-30 18:24:51] 处理图像 workspace/860924031381890_1764498197/frame_98.00.jpg 耗时: 3.88秒
image 1/1 /Users/wanglei/workStore/code/workSource/camera-surveillance/backend/workspace/860924031381890_1764498197/frame_94.00.jpg: 384x640 (no detections), 43.5ms
Speed: 4.5ms preprocess, 43.5ms inference, 3.4ms postprocess per image at shape (1, 3, 384, 640)
2025-11-30 18:24:54 INFO: [2025-11-30 18:24:54] 处理防遛确认操作: 手闸拧紧
[2025-11-30 18:24:51] 未检测到物体
[2025-11-30 18:24:51] 处理图像 workspace/860924031381890_1764498197/frame_94.00.jpg 耗时: 3.97秒
[2025-11-30 18:24:54] 处理防遛确认操作: 手闸拧紧
[2025-11-30 18:24:54] 调用防遛确认模型处理图像: workspace/860924031381890_1764498197/frame_92.00.jpg

[2025-11-30 18:24:54] 调用防遛确认模型处理图像: workspace/860924031381890_1764498197/frame_93.00.jpg

[2025-11-30 18:24:54] 调用防遛确认模型处理图像: workspace/860924031381890_1764498197/frame_94.00.jpg

[2025-11-30 18:24:54] 调用防遛确认模型处理图像: workspace/860924031381890_1764498197/frame_95.00.jpg

[2025-11-30 18:24:54] 调用防遛确认模型处理图像: workspace/860924031381890_1764498197/frame_96.00.jpg

image 1/1 /Users/wanglei/workStore/code/workSource/camera-surveillance/backend/workspace/860924031381890_1764498197/frame_92.00.jpg: 384x640 (no detections), 40.1ms
Speed: 4.8ms preprocess, 40.1ms inference, 3.2ms postprocess per image at shape (1, 3, 384, 640)
[2025-11-30 18:24:54] 未检测到物体
[2025-11-30 18:24:54] 处理图像 workspace/860924031381890_1764498197/frame_92.00.jpg 耗时: 0.06秒
[2025-11-30 18:24:54] 调用防遛确认模型处理图像: workspace/860924031381890_1764498197/frame_97.00.jpg

image 1/1 /Users/wanglei/workStore/code/workSource/camera-surveillance/backend/workspace/860924031381890_1764498197/frame_93.00.jpg: 384x640 (no detections), 40.8ms
Speed: 4.5ms preprocess, 40.8ms inference, 3.1ms postprocess per image at shape (1, 3, 384, 640)
[2025-11-30 18:24:54] 未检测到物体
[2025-11-30 18:24:54] 处理图像 workspace/860924031381890_1764498197/frame_93.00.jpg 耗时: 0.12秒
[2025-11-30 18:24:54] 调用防遛确认模型处理图像: workspace/860924031381890_1764498197/frame_98.00.jpg

image 1/1 /Users/wanglei/workStore/code/workSource/camera-surveillance/backend/workspace/860924031381890_1764498197/frame_94.00.jpg: 384x640 (no detections), 35.2ms
Speed: 4.4ms preprocess, 35.2ms inference, 3.2ms postprocess per image at shape (1, 3, 384, 640)
[2025-11-30 18:24:54] 未检测到物体
[2025-11-30 18:24:54] 处理图像 workspace/860924031381890_1764498197/frame_94.00.jpg 耗时: 0.18秒
image 1/1 /Users/wanglei/workStore/code/workSource/camera-surveillance/backend/workspace/860924031381890_1764498197/frame_95.00.jpg: 384x640 (no detections), 39.7ms
Speed: 8.7ms preprocess, 39.7ms inference, 2.6ms postprocess per image at shape (1, 3, 384, 640)
[2025-11-30 18:24:54] 未检测到物体
[2025-11-30 18:24:54] 处理图像 workspace/860924031381890_1764498197/frame_95.00.jpg 耗时: 0.24秒
image 1/1 /Users/wanglei/workStore/code/workSource/camera-surveillance/backend/workspace/860924031381890_1764498197/frame_96.00.jpg: 384x640 (no detections), 37.9ms
Speed: 4.4ms preprocess, 37.9ms inference, 3.3ms postprocess per image at shape (1, 3, 384, 640)
[2025-11-30 18:24:54] 未检测到物体
[2025-11-30 18:24:54] 处理图像 workspace/860924031381890_1764498197/frame_96.00.jpg 耗时: 0.29秒
image 1/1 /Users/wanglei/workStore/code/workSource/camera-surveillance/backend/workspace/860924031381890_1764498197/frame_97.00.jpg: 384x640 (no detections), 42.7ms
Speed: 4.4ms preprocess, 42.7ms inference, 2.9ms postprocess per image at shape (1, 3, 384, 640)
[2025-11-30 18:24:54] 未检测到物体
[2025-11-30 18:24:54] 处理图像 workspace/860924031381890_1764498197/frame_97.00.jpg 耗时: 0.30秒
image 1/1 /Users/wanglei/workStore/code/workSource/camera-surveillance/backend/workspace/860924031381890_1764498197/frame_98.00.jpg: 384x640 (no detections), 36.0ms
Speed: 4.6ms preprocess, 36.0ms inference, 2.8ms postprocess per image at shape (1, 3, 384, 640)
2025-11-30 18:24:57 INFO: [2025-11-30 18:24:57] 处理撤遛确认操作: 铁鞋撤除
[2025-11-30 18:24:54] 未检测到物体
[2025-11-30 18:24:54] 处理图像 workspace/860924031381890_1764498197/frame_98.00.jpg 耗时: 0.30秒
[2025-11-30 18:24:57] 处理撤遛确认操作: 铁鞋撤除
[2025-11-30 18:24:57] 调用撤遛确认模型处理图像: workspace/860924031381890_1764498197/frame_107.00.jpg
[2025-11-30 18:24:57] 调用撤遛确认模型处理图像: workspace/860924031381890_1764498197/frame_108.00.jpg
[2025-11-30 18:24:57] 调用撤遛确认模型处理图像: workspace/860924031381890_1764498197/frame_109.00.jpg
[2025-11-30 18:24:57] 调用撤遛确认模型处理图像: workspace/860924031381890_1764498197/frame_110.00.jpg
[2025-11-30 18:24:57] 调用撤遛确认模型处理图像: workspace/860924031381890_1764498197/frame_111.00.jpg

Ultralytics 8.3.203 🚀 Python-3.11.9 torch-2.2.2 MPS (Intel Core i7-9750H 2.60GHz)
[2025-11-30 18:24:57] 处理图像时出错: 'Conv' object has no attribute 'bn'
[2025-11-30 18:24:57] 处理图像 workspace/860924031381890_1764498197/frame_108.00.jpg 耗时: 0.02秒
[2025-11-30 18:24:57] 调用撤遛确认模型处理图像: workspace/860924031381890_1764498197/frame_112.00.jpg

Ultralytics 8.3.203 🚀 Python-3.11.9 torch-2.2.2 MPS (Intel Core i7-9750H 2.60GHz)
[2025-11-30 18:24:57] 处理图像时出错: 'Conv' object has no attribute 'bn'
[2025-11-30 18:24:57] 处理图像 workspace/860924031381890_1764498197/frame_107.00.jpg 耗时: 0.02秒
[2025-11-30 18:24:57] 调用撤遛确认模型处理图像: workspace/860924031381890_1764498197/frame_113.00.jpg

Ultralytics 8.3.203 🚀 Python-3.11.9 torch-2.2.2 MPS (Intel Core i7-9750H 2.60GHz)
[2025-11-30 18:24:57] 处理图像时出错: 'Conv' object has no attribute 'bn'
[2025-11-30 18:24:57] 处理图像 workspace/860924031381890_1764498197/frame_109.00.jpg 耗时: 0.02秒

Ultralytics 8.3.203 🚀 Python-3.11.9 torch-2.2.2 MPS (Intel Core i7-9750H 2.60GHz)
YOLO11n summary (fused): 100 layers, 2,583,322 parameters, 0 gradients, 6.3 GFLOPs
YOLO11n summary (fused): 100 layers, 2,583,322 parameters, 0 gradients, 6.3 GFLOPs
YOLO11n summary (fused): 100 layers, 2,583,322 parameters, 0 gradients, 6.3 GFLOPs
YOLO11n summary (fused): 100 layers, 2,583,322 parameters, 0 gradients, 6.3 GFLOPs
image 1/1 /Users/wanglei/workStore/code/workSource/camera-surveillance/backend/workspace/860924031381890_1764498197/frame_111.00.jpg: 384x640 (no detections), 62.9ms
Speed: 6.6ms preprocess, 62.9ms inference, 2.8ms postprocess per image at shape (1, 3, 384, 640)
[2025-11-30 18:24:58] 未检测到物体
[2025-11-30 18:24:58] 处理图像 workspace/860924031381890_1764498197/frame_111.00.jpg 耗时: 1.27秒
image 1/1 /Users/wanglei/workStore/code/workSource/camera-surveillance/backend/workspace/860924031381890_1764498197/frame_113.00.jpg: 384x640 (no detections), 62.9ms
Speed: 6.2ms preprocess, 62.9ms inference, 3.8ms postprocess per image at shape (1, 3, 384, 640)
[2025-11-30 18:24:58] 未检测到物体
[2025-11-30 18:24:58] 处理图像 workspace/860924031381890_1764498197/frame_113.00.jpg 耗时: 1.25秒
image 1/1 /Users/wanglei/workStore/code/workSource/camera-surveillance/backend/workspace/860924031381890_1764498197/frame_112.00.jpg: 384x640 (no detections), 31.7ms
Speed: 4.3ms preprocess, 31.7ms inference, 3.8ms postprocess per image at shape (1, 3, 384, 640)
[2025-11-30 18:24:58] 未检测到物体
[2025-11-30 18:24:58] 处理图像 workspace/860924031381890_1764498197/frame_112.00.jpg 耗时: 1.30秒
image 1/1 /Users/wanglei/workStore/code/workSource/camera-surveillance/backend/workspace/860924031381890_1764498197/frame_110.00.jpg: 384x640 (no detections), 38.8ms
Speed: 4.6ms preprocess, 38.8ms inference, 2.8ms postprocess per image at shape (1, 3, 384, 640)
2025-11-30 18:25:01 INFO: [2025-11-30 18:25:01] 处理撤遛确认操作: 手闸松开
[2025-11-30 18:24:58] 未检测到物体
[2025-11-30 18:24:58] 处理图像 workspace/860924031381890_1764498197/frame_110.00.jpg 耗时: 1.38秒
[2025-11-30 18:25:01] 处理撤遛确认操作: 手闸松开
[2025-11-30 18:25:01] 调用撤遛确认模型处理图像: workspace/860924031381890_1764498197/frame_107.00.jpg

[2025-11-30 18:25:01] 调用撤遛确认模型处理图像: workspace/860924031381890_1764498197/frame_108.00.jpg

[2025-11-30 18:25:01] 调用撤遛确认模型处理图像: workspace/860924031381890_1764498197/frame_109.00.jpg

[2025-11-30 18:25:01] 调用撤遛确认模型处理图像: workspace/860924031381890_1764498197/frame_110.00.jpg

[2025-11-30 18:25:01] 调用撤遛确认模型处理图像: workspace/860924031381890_1764498197/frame_111.00.jpg

image 1/1 /Users/wanglei/workStore/code/workSource/camera-surveillance/backend/workspace/860924031381890_1764498197/frame_107.00.jpg: 384x640 (no detections), 38.7ms
Speed: 7.0ms preprocess, 38.7ms inference, 2.9ms postprocess per image at shape (1, 3, 384, 640)
[2025-11-30 18:25:01] 未检测到物体
[2025-11-30 18:25:01] 处理图像 workspace/860924031381890_1764498197/frame_107.00.jpg 耗时: 0.06秒
[2025-11-30 18:25:01] 调用撤遛确认模型处理图像: workspace/860924031381890_1764498197/frame_112.00.jpg

image 1/1 /Users/wanglei/workStore/code/workSource/camera-surveillance/backend/workspace/860924031381890_1764498197/frame_108.00.jpg: 384x640 (no detections), 34.9ms
Speed: 4.0ms preprocess, 34.9ms inference, 2.5ms postprocess per image at shape (1, 3, 384, 640)
[2025-11-30 18:25:01] 未检测到物体
[2025-11-30 18:25:01] 处理图像 workspace/860924031381890_1764498197/frame_108.00.jpg 耗时: 0.12秒
[2025-11-30 18:25:01] 调用撤遛确认模型处理图像: workspace/860924031381890_1764498197/frame_113.00.jpg

image 1/1 /Users/wanglei/workStore/code/workSource/camera-surveillance/backend/workspace/860924031381890_1764498197/frame_109.00.jpg: 384x640 (no detections), 34.5ms
Speed: 4.5ms preprocess, 34.5ms inference, 2.8ms postprocess per image at shape (1, 3, 384, 640)
[2025-11-30 18:25:01] 未检测到物体
[2025-11-30 18:25:01] 处理图像 workspace/860924031381890_1764498197/frame_109.00.jpg 耗时: 0.17秒
image 1/1 /Users/wanglei/workStore/code/workSource/camera-surveillance/backend/workspace/860924031381890_1764498197/frame_110.00.jpg: 384x640 (no detections), 40.1ms
Speed: 4.4ms preprocess, 40.1ms inference, 2.7ms postprocess per image at shape (1, 3, 384, 640)
[2025-11-30 18:25:01] 未检测到物体
[2025-11-30 18:25:01] 处理图像 workspace/860924031381890_1764498197/frame_110.00.jpg 耗时: 0.23秒
image 1/1 /Users/wanglei/workStore/code/workSource/camera-surveillance/backend/workspace/860924031381890_1764498197/frame_111.00.jpg: 384x640 (no detections), 35.2ms
Speed: 4.2ms preprocess, 35.2ms inference, 2.3ms postprocess per image at shape (1, 3, 384, 640)
[2025-11-30 18:25:01] 未检测到物体
[2025-11-30 18:25:01] 处理图像 workspace/860924031381890_1764498197/frame_111.00.jpg 耗时: 0.28秒
image 1/1 /Users/wanglei/workStore/code/workSource/camera-surveillance/backend/workspace/860924031381890_1764498197/frame_112.00.jpg: 384x640 (no detections), 31.0ms
Speed: 2.4ms preprocess, 31.0ms inference, 3.4ms postprocess per image at shape (1, 3, 384, 640)
[2025-11-30 18:25:01] 未检测到物体
[2025-11-30 18:25:01] 处理图像 workspace/860924031381890_1764498197/frame_112.00.jpg 耗时: 0.26秒
image 1/1 /Users/wanglei/workStore/code/workSource/camera-surveillance/backend/workspace/860924031381890_1764498197/frame_113.00.jpg: 384x640 (no detections), 42.0ms
Speed: 4.6ms preprocess, 42.0ms inference, 3.0ms postprocess per image at shape (1, 3, 384, 640)
2025-11-30 18:25:01 INFO: [2025-11-30 18:25:01] 视频处理完成: workspace/860924031381890_1764498197/detection_video_chunk_0001.mp4
2025-11-30 18:25:18 INFO: [2025-11-30 18:25:18] 接收视频块，临时文件: workspace/860924031381890_1764498197/tmp/video_chunk_1764498318852341_000001.webm
2025-11-30 18:25:18 INFO: [2025-11-30 18:25:18] 视频块大小: 8109145 字节
2025-11-30 18:25:18 INFO: [2025-11-30 18:25:18] 视频块已添加到缓冲区，等待合并处理
2025-11-30 18:25:18 INFO: [2025-11-30 18:25:18] 开始合并视频块到: workspace/860924031381890_1764498197/detection_video_chunk_0002.mp4
2025-11-30 18:25:18 INFO: [2025-11-30 18:25:18] 合并命令: ffmpeg -f concat -safe 0 -i workspace/860924031381890_1764498197/video_list_2.txt -c:v libx264 -c:a aac -strict experimental workspace/860924031381890_1764498197/detection_video_chunk_0002.mp4 -y
2025-11-30 18:25:29 INFO: [2025-11-30 18:25:29] 视频块合并完成: workspace/860924031381890_1764498197/detection_video_chunk_0002.mp4, 大小: 11723877 字节
2025-11-30 18:25:29 INFO: [2025-11-30 18:25:29] 开始处理存储的视频块: workspace/860924031381890_1764498197/detection_video_chunk_0002.mp4
2025-11-30 18:25:35 INFO: [2025-11-30 18:25:35] method: GET, expiration: 2025-11-30T10:40:35.000Z, url: https://test-workspace-wl.oss-cn-hangzhou.aliyuncs.com/audio/2025-11-30/860924031381890/extracted_audio_detection_video_chunk_0002.mp4.wav?x-oss-signature-version=OSS4-HMAC-SHA256&x-oss-date=20251130T102535Z&x-oss-expires=900&x-oss-credential=LTAI5tS12D3EPVxkNDUfaHMe%2F20251130%2Fcn-hangzhou%2Foss%2Faliyun_v4_request&x-oss-signature=27648d6c1650137a767f05545c9d071c31b344dd1bf2a5f8b98ee0dedb4f8ca1
2025-11-30 18:25:35 INFO: [2025-11-30 18:25:35] SpeechProcessor初始化完成，模型: paraformer-v2，采样率: 16000Hz
2025-11-30 18:25:35 INFO: [2025-11-30 18:25:35] 开始识别音频文件: https://test-workspace-wl.oss-cn-hangzhou.aliyuncs.com/audio/2025-11-30/860924031381890/extracted_audio_detection_video_chunk_0002.mp4.wav?x-oss-signature-version=OSS4-HMAC-SHA256&x-oss-date=20251130T102535Z&x-oss-expires=900&x-oss-credential=LTAI5tS12D3EPVxkNDUfaHMe%2F20251130%2Fcn-hangzhou%2Foss%2Faliyun_v4_request&x-oss-signature=27648d6c1650137a767f05545c9d071c31b344dd1bf2a5f8b98ee0dedb4f8ca1
2025-11-30 18:25:36 INFO: The task f242560a-0cc5-4f09-a6fc-617308c3c951 is  RUNNING
2025-11-30 18:25:37 INFO: The task f242560a-0cc5-4f09-a6fc-617308c3c951 is  RUNNING
2025-11-30 18:25:38 INFO: The task f242560a-0cc5-4f09-a6fc-617308c3c951 is  RUNNING
2025-11-30 18:25:41 INFO: [2025-11-30 18:25:41] {
    "task_id": "f242560a-0cc5-4f09-a6fc-617308c3c951",
    "task_status": "SUCCEEDED",
    "submit_time": "2025-11-30 18:25:36.212",
    "scheduled_time": "2025-11-30 18:25:36.233",
    "end_time": "2025-11-30 18:25:40.347",
    "results": [
        {
            "file_url": "https://test-workspace-wl.oss-cn-hangzhou.aliyuncs.com/audio/2025-11-30/860924031381890/extracted_audio_detection_video_chunk_0002.mp4.wav?x-oss-signature-version=OSS4-HMAC-SHA256&x-oss-date=20251130T102535Z&x-oss-expires=900&x-oss-credential=LTAI5tS12D3EPVxkNDUfaHMe%2F20251130%2Fcn-hangzhou%2Foss%2Faliyun_v4_request&x-oss-signature=27648d6c1650137a767f05545c9d071c31b344dd1bf2a5f8b98ee0dedb4f8ca1",
            "transcription_url": "https://dashscope-result-bj.oss-cn-beijing.aliyuncs.com/prod/paraformer-v2/20251130/18%3A25/e2427521-6c63-4f16-9ee9-8cf8996cb3e8-1.json?Expires=1764584740&OSSAccessKeyId=LTAI5tQZd8AEcZX6KZV4G8qL&Signature=1wNYASW8ZeYSvySToHteq4nKmCg%3D",
            "subtask_status": "SUCCEEDED"
        }
    ],
    "task_metrics": {
        "TOTAL": 1,
        "SUCCEEDED": 1,
        "FAILED": 0
    }
}
2025-11-30 18:25:41 INFO: [2025-11-30 18:25:41] transcription done!
2025-11-30 18:25:42 INFO: [2025-11-30 18:25:42] 处理车号确认操作: 车号确认
2025-11-30 18:25:46 INFO: [2025-11-30 18:25:46] 处理防遛确认操作: 铁鞋设置
[2025-11-30 18:25:01] 未检测到物体
[2025-11-30 18:25:01] 处理图像 workspace/860924031381890_1764498197/frame_113.00.jpg 耗时: 0.27秒
[2025-11-30 18:25:01] 视频处理完成: workspace/860924031381890_1764498197/detection_video_chunk_0001.mp4
[2025-11-30 18:25:18] 接收视频块，临时文件: workspace/860924031381890_1764498197/tmp/video_chunk_1764498318852341_000001.webm
[2025-11-30 18:25:18] 视频块大小: 8109145 字节
[2025-11-30 18:25:18] 视频块已添加到缓冲区，等待合并处理
[2025-11-30 18:25:18] 开始合并视频块到: workspace/860924031381890_1764498197/detection_video_chunk_0002.mp4
[2025-11-30 18:25:18] 合并命令: ffmpeg -f concat -safe 0 -i workspace/860924031381890_1764498197/video_list_2.txt -c:v libx264 -c:a aac -strict experimental workspace/860924031381890_1764498197/detection_video_chunk_0002.mp4 -y
[2025-11-30 18:25:29] 视频块合并完成: workspace/860924031381890_1764498197/detection_video_chunk_0002.mp4, 大小: 11723877 字节
[2025-11-30 18:25:29] 开始处理存储的视频块: workspace/860924031381890_1764498197/detection_video_chunk_0002.mp4
[2025-11-30 18:25:29] 开始提取音频，输入视频: workspace/860924031381890_1764498197/detection_video_chunk_0002.mp4, 输出音频: workspace/860924031381890_1764498197/extracted_audio_detection_video_chunk_0002.mp4.wav
[2025-11-30 18:25:29] 执行ffmpeg命令: ffmpeg -i workspace/860924031381890_1764498197/detection_video_chunk_0002.mp4 -q:a 0 -map a workspace/860924031381890_1764498197/extracted_audio_detection_video_chunk_0002.mp4.wav -y
[2025-11-30 18:25:29] 音频提取成功，输出文件: workspace/860924031381890_1764498197/extracted_audio_detection_video_chunk_0002.mp4.wav
[2025-11-30 18:25:29] 输出音频文件大小: 11497550 字节
[2025-11-30 18:25:35] method: GET, expiration: 2025-11-30T10:40:35.000Z, url: https://test-workspace-wl.oss-cn-hangzhou.aliyuncs.com/audio/2025-11-30/860924031381890/extracted_audio_detection_video_chunk_0002.mp4.wav?x-oss-signature-version=OSS4-HMAC-SHA256&x-oss-date=20251130T102535Z&x-oss-expires=900&x-oss-credential=LTAI5tS12D3EPVxkNDUfaHMe%2F20251130%2Fcn-hangzhou%2Foss%2Faliyun_v4_request&x-oss-signature=27648d6c1650137a767f05545c9d071c31b344dd1bf2a5f8b98ee0dedb4f8ca1
[2025-11-30 18:25:35] SpeechProcessor初始化完成，模型: paraformer-v2，采样率: 16000Hz
[2025-11-30 18:25:35] 开始识别音频文件: https://test-workspace-wl.oss-cn-hangzhou.aliyuncs.com/audio/2025-11-30/860924031381890/extracted_audio_detection_video_chunk_0002.mp4.wav?x-oss-signature-version=OSS4-HMAC-SHA256&x-oss-date=20251130T102535Z&x-oss-expires=900&x-oss-credential=LTAI5tS12D3EPVxkNDUfaHMe%2F20251130%2Fcn-hangzhou%2Foss%2Faliyun_v4_request&x-oss-signature=27648d6c1650137a767f05545c9d071c31b344dd1bf2a5f8b98ee0dedb4f8ca1
[2025-11-30 18:25:41] {
    "task_id": "f242560a-0cc5-4f09-a6fc-617308c3c951",
    "task_status": "SUCCEEDED",
    "submit_time": "2025-11-30 18:25:36.212",
    "scheduled_time": "2025-11-30 18:25:36.233",
    "end_time": "2025-11-30 18:25:40.347",
    "results": [
        {
            "file_url": "https://test-workspace-wl.oss-cn-hangzhou.aliyuncs.com/audio/2025-11-30/860924031381890/extracted_audio_detection_video_chunk_0002.mp4.wav?x-oss-signature-version=OSS4-HMAC-SHA256&x-oss-date=20251130T102535Z&x-oss-expires=900&x-oss-credential=LTAI5tS12D3EPVxkNDUfaHMe%2F20251130%2Fcn-hangzhou%2Foss%2Faliyun_v4_request&x-oss-signature=27648d6c1650137a767f05545c9d071c31b344dd1bf2a5f8b98ee0dedb4f8ca1",
            "transcription_url": "https://dashscope-result-bj.oss-cn-beijing.aliyuncs.com/prod/paraformer-v2/20251130/18%3A25/e2427521-6c63-4f16-9ee9-8cf8996cb3e8-1.json?Expires=1764584740&OSSAccessKeyId=LTAI5tQZd8AEcZX6KZV4G8qL&Signature=1wNYASW8ZeYSvySToHteq4nKmCg%3D",
            "subtask_status": "SUCCEEDED"
        }
    ],
    "task_metrics": {
        "TOTAL": 1,
        "SUCCEEDED": 1,
        "FAILED": 0
    }
}
[2025-11-30 18:25:41] transcription done!
[2025-11-30 18:25:42] 处理车号确认操作: 车号确认
[2025-11-30 18:25:44] vehicle response: {"status_code": 200, "request_id": "386acac4-6c91-41ad-88f7-f26c4fd60b74", "code": "", "message": "", "output": {"text": null, "finish_reason": null, "choices": [{"finish_reason": "stop", "message": {"role": "assistant", "content": [{"text": "000000 860924031381890"}]}}], "audio": null}, "usage": {"input_tokens": 2079, "output_tokens": 23, "characters": 0, "image_tokens": 2042, "input_tokens_details": {"image_tokens": 2042, "text_tokens": 37}, "output_tokens_details": {"text_tokens": 23}, "total_tokens": 2102}}
[2025-11-30 18:25:46] 处理防遛确认操作: 铁鞋设置
[2025-11-30 18:25:46] 调用防遛确认模型处理图像: workspace/860924031381890_1764498197/frame_54.00.jpg

[2025-11-30 18:25:46] 调用防遛确认模型处理图像: workspace/860924031381890_1764498197/frame_55.00.jpg

[2025-11-30 18:25:46] 调用防遛确认模型处理图像: workspace/860924031381890_1764498197/frame_56.00.jpg

[2025-11-30 18:25:46] 调用防遛确认模型处理图像: workspace/860924031381890_1764498197/frame_57.00.jpg

[2025-11-30 18:25:46] 调用防遛确认模型处理图像: workspace/860924031381890_1764498197/frame_58.00.jpg

image 1/1 /Users/wanglei/workStore/code/workSource/camera-surveillance/backend/workspace/860924031381890_1764498197/frame_54.00.jpg: 384x640 (no detections), 53.0ms
Speed: 935.9ms preprocess, 53.0ms inference, 3.6ms postprocess per image at shape (1, 3, 384, 640)
[2025-11-30 18:25:47] 未检测到物体
[2025-11-30 18:25:47] 处理图像 workspace/860924031381890_1764498197/frame_54.00.jpg 耗时: 1.01秒
[2025-11-30 18:25:47] 调用防遛确认模型处理图像: workspace/860924031381890_1764498197/frame_59.00.jpg

image 1/1 /Users/wanglei/workStore/code/workSource/camera-surveillance/backend/workspace/860924031381890_1764498197/frame_55.00.jpg: 384x640 (no detections), 38.4ms
Speed: 4.3ms preprocess, 38.4ms inference, 2.8ms postprocess per image at shape (1, 3, 384, 640)
[2025-11-30 18:25:47] 未检测到物体
[2025-11-30 18:25:47] 处理图像 workspace/860924031381890_1764498197/frame_55.00.jpg 耗时: 1.07秒
[2025-11-30 18:25:47] 调用防遛确认模型处理图像: workspace/860924031381890_1764498197/frame_60.00.jpg

image 1/1 /Users/wanglei/workStore/code/workSource/camera-surveillance/backend/workspace/860924031381890_1764498197/frame_56.00.jpg: 384x640 (no detections), 40.5ms
Speed: 4.2ms preprocess, 40.5ms inference, 3.0ms postprocess per image at shape (1, 3, 384, 640)
[2025-11-30 18:25:47] 未检测到物体
[2025-11-30 18:25:47] 处理图像 workspace/860924031381890_1764498197/frame_56.00.jpg 耗时: 1.13秒
image 1/1 /Users/wanglei/workStore/code/workSource/camera-surveillance/backend/workspace/860924031381890_1764498197/frame_57.00.jpg: 384x640 (no detections), 39.7ms
Speed: 4.1ms preprocess, 39.7ms inference, 3.9ms postprocess per image at shape (1, 3, 384, 640)
[2025-11-30 18:25:47] 未检测到物体
[2025-11-30 18:25:47] 处理图像 workspace/860924031381890_1764498197/frame_57.00.jpg 耗时: 1.19秒
image 1/1 /Users/wanglei/workStore/code/workSource/camera-surveillance/backend/workspace/860924031381890_1764498197/frame_58.00.jpg: 384x640 (no detections), 38.4ms
Speed: 7.5ms preprocess, 38.4ms inference, 2.8ms postprocess per image at shape (1, 3, 384, 640)
[2025-11-30 18:25:48] 未检测到物体
[2025-11-30 18:25:48] 处理图像 workspace/860924031381890_1764498197/frame_58.00.jpg 耗时: 1.26秒
image 1/1 /Users/wanglei/workStore/code/workSource/camera-surveillance/backend/workspace/860924031381890_1764498197/frame_59.00.jpg: 384x640 (no detections), 36.8ms
Speed: 4.2ms preprocess, 36.8ms inference, 2.7ms postprocess per image at shape (1, 3, 384, 640)
[2025-11-30 18:25:48] 未检测到物体
[2025-11-30 18:25:48] 处理图像 workspace/860924031381890_1764498197/frame_59.00.jpg 耗时: 0.31秒
image 1/1 /Users/wanglei/workStore/code/workSource/camera-surveillance/backend/workspace/860924031381890_1764498197/frame_60.00.jpg: 384x640 (no detections), 35.9ms
Speed: 4.2ms preprocess, 35.9ms inference, 2.8ms postprocess per image at shape (1, 3, 384, 640)
2025-11-30 18:25:50 INFO: [2025-11-30 18:25:50] 处理防遛确认操作: 手闸拧紧
[2025-11-30 18:25:48] 未检测到物体
[2025-11-30 18:25:48] 处理图像 workspace/860924031381890_1764498197/frame_60.00.jpg 耗时: 0.30秒
[2025-11-30 18:25:50] 处理防遛确认操作: 手闸拧紧
[2025-11-30 18:25:50] 调用防遛确认模型处理图像: workspace/860924031381890_1764498197/frame_54.00.jpg

[2025-11-30 18:25:50] 调用防遛确认模型处理图像: workspace/860924031381890_1764498197/frame_55.00.jpg
[2025-11-30 18:25:50] 调用防遛确认模型处理图像: workspace/860924031381890_1764498197/frame_56.00.jpg

[2025-11-30 18:25:50] 调用防遛确认模型处理图像: workspace/860924031381890_1764498197/frame_57.00.jpg

[2025-11-30 18:25:50] 调用防遛确认模型处理图像: workspace/860924031381890_1764498197/frame_58.00.jpg


image 1/1 /Users/wanglei/workStore/code/workSource/camera-surveillance/backend/workspace/860924031381890_1764498197/frame_54.00.jpg: 384x640 (no detections), 35.6ms
Speed: 4.1ms preprocess, 35.6ms inference, 2.8ms postprocess per image at shape (1, 3, 384, 640)
[2025-11-30 18:25:50] 未检测到物体
[2025-11-30 18:25:50] 处理图像 workspace/860924031381890_1764498197/frame_54.00.jpg 耗时: 0.06秒
[2025-11-30 18:25:50] 调用防遛确认模型处理图像: workspace/860924031381890_1764498197/frame_59.00.jpg

image 1/1 /Users/wanglei/workStore/code/workSource/camera-surveillance/backend/workspace/860924031381890_1764498197/frame_55.00.jpg: 384x640 (no detections), 35.8ms
Speed: 4.2ms preprocess, 35.8ms inference, 2.7ms postprocess per image at shape (1, 3, 384, 640)
[2025-11-30 18:25:50] 未检测到物体
[2025-11-30 18:25:50] 处理图像 workspace/860924031381890_1764498197/frame_55.00.jpg 耗时: 0.11秒
[2025-11-30 18:25:50] 调用防遛确认模型处理图像: workspace/860924031381890_1764498197/frame_60.00.jpg

image 1/1 /Users/wanglei/workStore/code/workSource/camera-surveillance/backend/workspace/860924031381890_1764498197/frame_56.00.jpg: 384x640 (no detections), 35.5ms
Speed: 3.8ms preprocess, 35.5ms inference, 2.8ms postprocess per image at shape (1, 3, 384, 640)
[2025-11-30 18:25:50] 未检测到物体
[2025-11-30 18:25:50] 处理图像 workspace/860924031381890_1764498197/frame_56.00.jpg 耗时: 0.16秒
image 1/1 /Users/wanglei/workStore/code/workSource/camera-surveillance/backend/workspace/860924031381890_1764498197/frame_57.00.jpg: 384x640 (no detections), 36.5ms
Speed: 4.8ms preprocess, 36.5ms inference, 3.0ms postprocess per image at shape (1, 3, 384, 640)
[2025-11-30 18:25:50] 未检测到物体
[2025-11-30 18:25:50] 处理图像 workspace/860924031381890_1764498197/frame_57.00.jpg 耗时: 0.22秒
image 1/1 /Users/wanglei/workStore/code/workSource/camera-surveillance/backend/workspace/860924031381890_1764498197/frame_58.00.jpg: 384x640 (no detections), 37.2ms
Speed: 4.2ms preprocess, 37.2ms inference, 2.7ms postprocess per image at shape (1, 3, 384, 640)
[2025-11-30 18:25:50] 未检测到物体
[2025-11-30 18:25:50] 处理图像 workspace/860924031381890_1764498197/frame_58.00.jpg 耗时: 0.27秒
image 1/1 /Users/wanglei/workStore/code/workSource/camera-surveillance/backend/workspace/860924031381890_1764498197/frame_59.00.jpg: 384x640 (no detections), 35.8ms
Speed: 4.0ms preprocess, 35.8ms inference, 3.0ms postprocess per image at shape (1, 3, 384, 640)
[2025-11-30 18:25:50] 未检测到物体
[2025-11-30 18:25:50] 处理图像 workspace/860924031381890_1764498197/frame_59.00.jpg 耗时: 0.27秒
image 1/1 /Users/wanglei/workStore/code/workSource/camera-surveillance/backend/workspace/860924031381890_1764498197/frame_60.00.jpg: 384x640 (no detections), 43.6ms
Speed: 4.3ms preprocess, 43.6ms inference, 2.8ms postprocess per image at shape (1, 3, 384, 640)
2025-11-30 18:25:54 INFO: [2025-11-30 18:25:54] 处理撤遛确认操作: 铁鞋撤除
[2025-11-30 18:25:50] 未检测到物体
[2025-11-30 18:25:50] 处理图像 workspace/860924031381890_1764498197/frame_60.00.jpg 耗时: 0.28秒
[2025-11-30 18:25:54] 处理撤遛确认操作: 铁鞋撤除
[2025-11-30 18:25:54] 调用撤遛确认模型处理图像: workspace/860924031381890_1764498197/frame_69.00.jpg

[2025-11-30 18:25:54] 调用撤遛确认模型处理图像: workspace/860924031381890_1764498197/frame_70.00.jpg

[2025-11-30 18:25:54] 调用撤遛确认模型处理图像: workspace/860924031381890_1764498197/frame_71.00.jpg

[2025-11-30 18:25:54] 调用撤遛确认模型处理图像: workspace/860924031381890_1764498197/frame_72.00.jpg

[2025-11-30 18:25:54] 调用撤遛确认模型处理图像: workspace/860924031381890_1764498197/frame_73.00.jpg

2025-11-30 18:25:54 INFO: [2025-11-30 18:25:54] 收到停止检测信号，设备ID: 860924031381890
2025-11-30 18:25:54 INFO: [2025-11-30 18:25:54] 等待视频帧写入完成，当前帧数: 0
2025-11-30 18:25:54 INFO: [2025-11-30 18:25:54] 实时视频WebSocket连接已关闭，设备ID: 860924031381890
2025-11-30 18:25:54 INFO:     connection closed
2025-11-30 18:25:54 INFO: connection closed
[2025-11-30 18:25:54] 收到停止检测信号，设备ID: 860924031381890
[2025-11-30 18:25:54] 等待视频帧写入完成，当前帧数: 0
[2025-11-30 18:25:54] 停止视频处理，当前帧数: 0
[2025-11-30 18:25:54] 视频写入器已释放，输出文件: workspace/860924031381890_1764498197/video_1764498197.mp4
[2025-11-30 18:25:54] 输出文件大小: 257 字节
[2025-11-30 18:25:54] 警告：输出文件非常小，可能没有正确写入视频数据
[2025-11-30 18:25:54] 实时视频WebSocket连接已关闭，设备ID: 860924031381890
image 1/1 /Users/wanglei/workStore/code/workSource/camera-surveillance/backend/workspace/860924031381890_1764498197/frame_69.00.jpg: 384x640 (no detections), 39.6ms
Speed: 4.5ms preprocess, 39.6ms inference, 3.1ms postprocess per image at shape (1, 3, 384, 640)
[2025-11-30 18:25:54] 未检测到物体
[2025-11-30 18:25:54] 处理图像 workspace/860924031381890_1764498197/frame_69.00.jpg 耗时: 0.06秒
[2025-11-30 18:25:54] 调用撤遛确认模型处理图像: workspace/860924031381890_1764498197/frame_74.00.jpg

image 1/1 /Users/wanglei/workStore/code/workSource/camera-surveillance/backend/workspace/860924031381890_1764498197/frame_70.00.jpg: 384x640 (no detections), 38.3ms
Speed: 4.4ms preprocess, 38.3ms inference, 3.0ms postprocess per image at shape (1, 3, 384, 640)
[2025-11-30 18:25:54] 未检测到物体
[2025-11-30 18:25:54] 处理图像 workspace/860924031381890_1764498197/frame_70.00.jpg 耗时: 0.12秒
[2025-11-30 18:25:54] 调用撤遛确认模型处理图像: workspace/860924031381890_1764498197/frame_75.00.jpg

image 1/1 /Users/wanglei/workStore/code/workSource/camera-surveillance/backend/workspace/860924031381890_1764498197/frame_71.00.jpg: 384x640 (no detections), 34.9ms
Speed: 4.2ms preprocess, 34.9ms inference, 2.4ms postprocess per image at shape (1, 3, 384, 640)
[2025-11-30 18:25:54] 未检测到物体
[2025-11-30 18:25:54] 处理图像 workspace/860924031381890_1764498197/frame_71.00.jpg 耗时: 0.17秒
image 1/1 /Users/wanglei/workStore/code/workSource/camera-surveillance/backend/workspace/860924031381890_1764498197/frame_72.00.jpg: 384x640 (no detections), 30.6ms
Speed: 2.4ms preprocess, 30.6ms inference, 2.3ms postprocess per image at shape (1, 3, 384, 640)
[2025-11-30 18:25:54] 未检测到物体
[2025-11-30 18:25:54] 处理图像 workspace/860924031381890_1764498197/frame_72.00.jpg 耗时: 0.22秒
image 1/1 /Users/wanglei/workStore/code/workSource/camera-surveillance/backend/workspace/860924031381890_1764498197/frame_73.00.jpg: 384x640 (no detections), 34.9ms
Speed: 2.7ms preprocess, 34.9ms inference, 2.8ms postprocess per image at shape (1, 3, 384, 640)
[2025-11-30 18:25:54] 未检测到物体
[2025-11-30 18:25:54] 处理图像 workspace/860924031381890_1764498197/frame_73.00.jpg 耗时: 0.26秒
image 1/1 /Users/wanglei/workStore/code/workSource/camera-surveillance/backend/workspace/860924031381890_1764498197/frame_74.00.jpg: 384x640 (no detections), 38.4ms
Speed: 4.3ms preprocess, 38.4ms inference, 2.9ms postprocess per image at shape (1, 3, 384, 640)
[2025-11-30 18:25:54] 未检测到物体
[2025-11-30 18:25:54] 处理图像 workspace/860924031381890_1764498197/frame_74.00.jpg 耗时: 0.26秒
image 1/1 /Users/wanglei/workStore/code/workSource/camera-surveillance/backend/workspace/860924031381890_1764498197/frame_75.00.jpg: 384x640 (no detections), 37.6ms
Speed: 4.3ms preprocess, 37.6ms inference, 2.8ms postprocess per image at shape (1, 3, 384, 640)
2025-11-30 18:25:57 INFO: [2025-11-30 18:25:57] 处理撤遛确认操作: 手闸松开
[2025-11-30 18:25:54] 未检测到物体
[2025-11-30 18:25:54] 处理图像 workspace/860924031381890_1764498197/frame_75.00.jpg 耗时: 0.26秒
[2025-11-30 18:25:57] 处理撤遛确认操作: 手闸松开
[2025-11-30 18:25:57] 调用撤遛确认模型处理图像: workspace/860924031381890_1764498197/frame_69.00.jpg

[2025-11-30 18:25:57] 调用撤遛确认模型处理图像: workspace/860924031381890_1764498197/frame_70.00.jpg

[2025-11-30 18:25:57] 调用撤遛确认模型处理图像: workspace/860924031381890_1764498197/frame_71.00.jpg

[2025-11-30 18:25:57] 调用撤遛确认模型处理图像: workspace/860924031381890_1764498197/frame_72.00.jpg
[2025-11-30 18:25:57] 调用撤遛确认模型处理图像: workspace/860924031381890_1764498197/frame_73.00.jpg


image 1/1 /Users/wanglei/workStore/code/workSource/camera-surveillance/backend/workspace/860924031381890_1764498197/frame_69.00.jpg: 384x640 (no detections), 36.2ms
Speed: 4.6ms preprocess, 36.2ms inference, 2.8ms postprocess per image at shape (1, 3, 384, 640)
[2025-11-30 18:25:57] 未检测到物体
[2025-11-30 18:25:57] 处理图像 workspace/860924031381890_1764498197/frame_69.00.jpg 耗时: 0.06秒
[2025-11-30 18:25:57] 调用撤遛确认模型处理图像: workspace/860924031381890_1764498197/frame_74.00.jpg

image 1/1 /Users/wanglei/workStore/code/workSource/camera-surveillance/backend/workspace/860924031381890_1764498197/frame_70.00.jpg: 384x640 (no detections), 36.1ms
Speed: 4.1ms preprocess, 36.1ms inference, 2.8ms postprocess per image at shape (1, 3, 384, 640)
[2025-11-30 18:25:57] 未检测到物体
[2025-11-30 18:25:57] 处理图像 workspace/860924031381890_1764498197/frame_70.00.jpg 耗时: 0.11秒
[2025-11-30 18:25:57] 调用撤遛确认模型处理图像: workspace/860924031381890_1764498197/frame_75.00.jpg

image 1/1 /Users/wanglei/workStore/code/workSource/camera-surveillance/backend/workspace/860924031381890_1764498197/frame_71.00.jpg: 384x640 (no detections), 35.8ms
Speed: 4.3ms preprocess, 35.8ms inference, 2.9ms postprocess per image at shape (1, 3, 384, 640)
[2025-11-30 18:25:57] 未检测到物体
[2025-11-30 18:25:57] 处理图像 workspace/860924031381890_1764498197/frame_71.00.jpg 耗时: 0.16秒
image 1/1 /Users/wanglei/workStore/code/workSource/camera-surveillance/backend/workspace/860924031381890_1764498197/frame_72.00.jpg: 384x640 (no detections), 36.2ms
Speed: 4.3ms preprocess, 36.2ms inference, 3.2ms postprocess per image at shape (1, 3, 384, 640)
[2025-11-30 18:25:57] 未检测到物体
[2025-11-30 18:25:57] 处理图像 workspace/860924031381890_1764498197/frame_72.00.jpg 耗时: 0.22秒
image 1/1 /Users/wanglei/workStore/code/workSource/camera-surveillance/backend/workspace/860924031381890_1764498197/frame_73.00.jpg: 384x640 (no detections), 35.8ms
Speed: 4.5ms preprocess, 35.8ms inference, 2.4ms postprocess per image at shape (1, 3, 384, 640)
[2025-11-30 18:25:57] 未检测到物体
[2025-11-30 18:25:57] 处理图像 workspace/860924031381890_1764498197/frame_73.00.jpg 耗时: 0.27秒
image 1/1 /Users/wanglei/workStore/code/workSource/camera-surveillance/backend/workspace/860924031381890_1764498197/frame_74.00.jpg: 384x640 (no detections), 35.6ms
Speed: 4.8ms preprocess, 35.6ms inference, 2.5ms postprocess per image at shape (1, 3, 384, 640)
[2025-11-30 18:25:57] 未检测到物体
[2025-11-30 18:25:57] 处理图像 workspace/860924031381890_1764498197/frame_74.00.jpg 耗时: 0.27秒
image 1/1 /Users/wanglei/workStore/code/workSource/camera-surveillance/backend/workspace/860924031381890_1764498197/frame_75.00.jpg: 384x640 (no detections), 29.3ms
Speed: 2.3ms preprocess, 29.3ms inference, 2.6ms postprocess per image at shape (1, 3, 384, 640)
2025-11-30 18:25:57 INFO: [2025-11-30 18:25:57] 视频处理完成: workspace/860924031381890_1764498197/detection_video_chunk_0002.mp4
